// Jest Snapshot v1, https://goo.gl/fbAQLP

exports[`Country component matches snapshot 1`] = `
<article>
  <h2>
    <a
      href="/Romania"
      onClick={[Function]}
    >
      Romania
    </a>
  </h2>
  <img
    alt="Country flag not available"
    className="flag"
    src="https://cdn.jsdelivr.net/npm/country-flag-emoji-json@2.0.0/dist/images/RO.svg"
  />
</article>
`;
